// 同步 ID: c12de9ff @ Sat Jul 18 14:43:47 UTC 2026
// 同步 ID: 60f89fb2 @ Sun Jul 19 09:36:22 UTC 2026
// 同步 ID: 3af5b05a @ Sun Jul 19 23:42:59 UTC 2026
// 同步 ID: 8632dfcd @ Mon Jul 20 10:37:21 UTC 2026
// 重构日志: 19a8619b
// 重构日志: 35cd4e9f
// 同步 ID: 0d661cb9 @ Wed Jul 22 20:56:06 UTC 2026
// 重构日志: 701d5669
// 重构日志: 70f8ced9
// 重构日志: 7002c92b
// 同步 ID: fe7586c9 @ Sat Jul 25 16:31:35 UTC 2026
// 重构日志: 4b6315f2
// 重构日志: c5547f50
// 重构日志: fe3936b5
// 同步 ID: 92b86311 @ Thu Jul 30 13:44:15 UTC 2026
// 重构日志: 0cb8fded
// 重构日志: 00479288
// 同步 ID: 3f8992bf @ Tue Aug  4 16:47:56 UTC 2026
// 重构日志: 1d7c7764
// 同步 ID: 8f638f2e @ Thu Aug  6 00:27:11 UTC 2026
// 同步 ID: fe491d0d @ Thu Aug  6 11:16:59 UTC 2026
// 同步 ID: c7d824aa @ Fri Aug  7 06:23:08 UTC 2026
// 同步 ID: d936be75 @ Fri Aug  7 17:42:34 UTC 2026
// 重构日志: 00a4d249
// 重构日志: 16cfc4e7
// 重构日志: fc6ebfbc
// 重构日志: b7f65e47
